// Jest Snapshot v1, https://goo.gl/fbAQLP

exports[`<Loader /> should render the loader 1`] = `
.c0 {
  border: 0.4rem solid rgba(253,253,253,0.096);
  border-top: 0.4rem solid #9DA2F9;
  border-radius: 50%;
  width: 2rem;
  height: 2rem;
  -webkit-animation: fEWCgj 0.6s linear infinite;
  animation: fEWCgj 0.6s linear infinite;
}

<div
  aria-label="Loading"
  class="c0"
/>
`;
